digraph "src/Calibration" {
	graph [compound=true];
	node [label="\N", fontsize=10, fontname=Helvetica];
	edge [labelfontsize=10, labelfontname=Helvetica];
	graph [bb="0,0,184,100"];
	subgraph clusterdir_68267d1309a1af8e8297ef4c3efbcdba {
		graph [bgcolor="#ddddee"];
		graph [pencolor=black];
		graph [label=src];
		graph [fontname=Helvetica];
		graph [fontsize=10];
		graph [URL="dir_68267d1309a1af8e8297ef4c3efbcdba.html"];
		graph [lp="19,84"];
		graph [bb="8,8,176,92"];
		subgraph clusterdir_8db50d4c0fbe6f7a4da6d1953c6b8c48 {
			graph [bgcolor="#eeeeff"];
			graph [label=""];
			graph [URL="dir_8db50d4c0fbe6f7a4da6d1953c6b8c48.html"];
			graph [lp=""];
			graph [bb="16,16,168,68"];
			dir_8db50d4c0fbe6f7a4da6d1953c6b8c48 [label=Calibration, shape=plaintext, pos="128,42", width="0.89", height="0.50"];
			dir_3bb968ebee7eccb9ddeb0c0cc7b17e10 [label=public, shape=box, color=black, fillcolor=white, style=filled, URL="dir_3bb968ebee7eccb9ddeb0c0cc7b17e10.html", pos="51,42", width="0.75", height="0.50"];
		}
	}
}
